// Jest Snapshot v1, https://goo.gl/fbAQLP

exports[`adapter can fetch features from the gdc 1`] = `
Array [
  "chr1",
  "chr10",
  "chr11",
  "chr12",
  "chr13",
  "chr14",
  "chr15",
  "chr16",
  "chr17",
  "chr18",
  "chr19",
  "chr2",
  "chr20",
  "chr21",
  "chr22",
  "chr3",
  "chr4",
  "chr5",
  "chr6",
  "chr7",
  "chr8",
  "chr9",
  "chrX",
  "chrY",
]
`;

exports[`adapter can fetch features from the gdc 2`] = `
Array [
  Object {
    "chromosome": "chr3",
    "consequence": Object {},
    "cosmicId": null,
    "end": 124908333,
    "endPosition": 124908333,
    "genomicDnaChange": "chr3:g.124908333C>T",
    "mutationSubtype": "Single base substitution",
    "mutationType": "Simple Somatic Mutation",
    "ncbiBuild": "GRCh38",
    "numOfCasesInCohort": 12922,
    "occurrenceInCohort": "5 / 12922",
    "percentage": 113.97940008672037,
    "refName": "chr3",
    "referenceAllele": "C",
    "score": 5,
    "ssmId": "fe913ae3-e63e-585c-84cf-f47fcf51b639",
    "start": 124908332,
    "startPosition": 124908333,
    "type": "Simple Somatic Mutation",
    "uniqueId": "fe913ae3-e63e-585c-84cf-f47fcf51b639",
  },
  Object {
    "chromosome": "chr3",
    "consequence": Object {},
    "cosmicId": null,
    "end": 124908160,
    "endPosition": 124908160,
    "genomicDnaChange": "chr3:g.124908160C>T",
    "mutationSubtype": "Single base substitution",
    "mutationType": "Simple Somatic Mutation",
    "ncbiBuild": "GRCh38",
    "numOfCasesInCohort": 12922,
    "occurrenceInCohort": "2 / 12922",
    "percentage": 106.02059991327963,
    "refName": "chr3",
    "referenceAllele": "C",
    "score": 2,
    "ssmId": "68e512b9-511f-58e3-8f41-137c6c0291af",
    "start": 124908159,
    "startPosition": 124908160,
    "type": "Simple Somatic Mutation",
    "uniqueId": "68e512b9-511f-58e3-8f41-137c6c0291af",
  },
  Object {
    "chromosome": "chr3",
    "consequence": Object {},
    "cosmicId": null,
    "end": 124908195,
    "endPosition": 124908195,
    "genomicDnaChange": "chr3:g.124908195C>A",
    "mutationSubtype": "Single base substitution",
    "mutationType": "Simple Somatic Mutation",
    "ncbiBuild": "GRCh38",
    "numOfCasesInCohort": 12922,
    "occurrenceInCohort": "1 / 12922",
    "percentage": 100,
    "refName": "chr3",
    "referenceAllele": "C",
    "score": 1,
    "ssmId": "0198e63f-185f-526f-96e5-f54010ffd2c0",
    "start": 124908194,
    "startPosition": 124908195,
    "type": "Simple Somatic Mutation",
    "uniqueId": "0198e63f-185f-526f-96e5-f54010ffd2c0",
  },
]
`;
