// Jest Snapshot v1, https://goo.gl/fbAQLP

exports[`adapter can fetch features from ieq_test_data.txt 1`] = `
Array [
  "chr1",
  "chr2",
  "chr3",
  "chr4",
  "chr5",
  "chr6",
  "chr7",
  "chr8",
  "chr9",
  "chr10",
  "chr11",
  "chr12",
  "chr13",
  "chr14",
  "chr15",
  "chr16",
  "chr17",
  "chr18",
  "chr19",
  "chr20",
  "chr21",
  "chr22",
  "chrX",
  "chrY",
]
`;

exports[`adapter can fetch features from ieq_test_data.txt 2`] = `
Array [
  Object {
    "chromosome": "chr9",
    "cross-mapped": "N",
    "end": 94175977,
    "mirna_id": "hsa-let-7a-1",
    "mirna_region": "mature,MIMAT0000062",
    "name": "hsa-let-7a-1, 1 reads",
    "read_count": "1",
    "reads_per_million_mirna_mapped": "0.748138",
    "refName": "chr9",
    "start": 94175960,
    "strand": 1,
    "uniqueId": "test-ieq-0",
  },
  Object {
    "chromosome": "chr9",
    "cross-mapped": "N",
    "end": 94175981,
    "mirna_id": "hsa-let-7a-1",
    "mirna_region": "mature,MIMAT0000062",
    "name": "hsa-let-7a-1, 1 reads",
    "read_count": "1",
    "reads_per_million_mirna_mapped": "0.748138",
    "refName": "chr9",
    "start": 94175960,
    "strand": 1,
    "uniqueId": "test-ieq-1",
  },
  Object {
    "chromosome": "chr9",
    "cross-mapped": "N",
    "end": 94175982,
    "mirna_id": "hsa-let-7a-1",
    "mirna_region": "mature,MIMAT0000062",
    "name": "hsa-let-7a-1, 6 reads",
    "read_count": "6",
    "reads_per_million_mirna_mapped": "4.488827",
    "refName": "chr9",
    "start": 94175960,
    "strand": 1,
    "uniqueId": "test-ieq-2",
  },
  Object {
    "chromosome": "chr9",
    "cross-mapped": "N",
    "end": 94175983,
    "mirna_id": "hsa-let-7a-1",
    "mirna_region": "mature,MIMAT0000062",
    "name": "hsa-let-7a-1, 12 reads",
    "read_count": "12",
    "reads_per_million_mirna_mapped": "8.977655",
    "refName": "chr9",
    "start": 94175960,
    "strand": 1,
    "uniqueId": "test-ieq-3",
  },
  Object {
    "chromosome": "chr9",
    "cross-mapped": "N",
    "end": 94175984,
    "mirna_id": "hsa-let-7a-1",
    "mirna_region": "mature,MIMAT0000062",
    "name": "hsa-let-7a-1, 2 reads",
    "read_count": "2",
    "reads_per_million_mirna_mapped": "1.496276",
    "refName": "chr9",
    "start": 94175960,
    "strand": 1,
    "uniqueId": "test-ieq-4",
  },
  Object {
    "chromosome": "chr9",
    "cross-mapped": "N",
    "end": 94175980,
    "mirna_id": "hsa-let-7a-1",
    "mirna_region": "mature,MIMAT0000062",
    "name": "hsa-let-7a-1, 66 reads",
    "read_count": "66",
    "reads_per_million_mirna_mapped": "49.377100",
    "refName": "chr9",
    "start": 94175961,
    "strand": 1,
    "uniqueId": "test-ieq-5",
  },
  Object {
    "chromosome": "chr9",
    "cross-mapped": "N",
    "end": 94175981,
    "mirna_id": "hsa-let-7a-1",
    "mirna_region": "mature,MIMAT0000062",
    "name": "hsa-let-7a-1, 1372 reads",
    "read_count": "1372",
    "reads_per_million_mirna_mapped": "1026.445178",
    "refName": "chr9",
    "start": 94175961,
    "strand": 1,
    "uniqueId": "test-ieq-6",
  },
  Object {
    "chromosome": "chr9",
    "cross-mapped": "N",
    "end": 94175982,
    "mirna_id": "hsa-let-7a-1",
    "mirna_region": "mature,MIMAT0000062",
    "name": "hsa-let-7a-1, 5285 reads",
    "read_count": "5285",
    "reads_per_million_mirna_mapped": "3953.908721",
    "refName": "chr9",
    "start": 94175961,
    "strand": 1,
    "uniqueId": "test-ieq-7",
  },
  Object {
    "chromosome": "chr9",
    "cross-mapped": "N",
    "end": 94175983,
    "mirna_id": "hsa-let-7a-1",
    "mirna_region": "mature,MIMAT0000062",
    "name": "hsa-let-7a-1, 17828 reads",
    "read_count": "17828",
    "reads_per_million_mirna_mapped": "13337.802210",
    "refName": "chr9",
    "start": 94175961,
    "strand": 1,
    "uniqueId": "test-ieq-8",
  },
  Object {
    "chromosome": "chr9",
    "cross-mapped": "N",
    "end": 94175984,
    "mirna_id": "hsa-let-7a-1",
    "mirna_region": "mature,MIMAT0000062",
    "name": "hsa-let-7a-1, 880 reads",
    "read_count": "880",
    "reads_per_million_mirna_mapped": "658.361339",
    "refName": "chr9",
    "start": 94175961,
    "strand": 1,
    "uniqueId": "test-ieq-9",
  },
  Object {
    "chromosome": "chr9",
    "cross-mapped": "N",
    "end": 94175985,
    "mirna_id": "hsa-let-7a-1",
    "mirna_region": "mature,MIMAT0000062",
    "name": "hsa-let-7a-1, 80 reads",
    "read_count": "80",
    "reads_per_million_mirna_mapped": "59.851031",
    "refName": "chr9",
    "start": 94175961,
    "strand": 1,
    "uniqueId": "test-ieq-10",
  },
  Object {
    "chromosome": "chr9",
    "cross-mapped": "N",
    "end": 94175991,
    "mirna_id": "hsa-let-7a-1",
    "mirna_region": "mature,MIMAT0000062",
    "name": "hsa-let-7a-1, 1 reads",
    "read_count": "1",
    "reads_per_million_mirna_mapped": "0.748138",
    "refName": "chr9",
    "start": 94175961,
    "strand": 1,
    "uniqueId": "test-ieq-11",
  },
  Object {
    "chromosome": "chr9",
    "cross-mapped": "N",
    "end": 94175980,
    "mirna_id": "hsa-let-7a-1",
    "mirna_region": "mature,MIMAT0000062",
    "name": "hsa-let-7a-1, 3 reads",
    "read_count": "3",
    "reads_per_million_mirna_mapped": "2.244414",
    "refName": "chr9",
    "start": 94175962,
    "strand": 1,
    "uniqueId": "test-ieq-12",
  },
  Object {
    "chromosome": "chr9",
    "cross-mapped": "N",
    "end": 94175981,
    "mirna_id": "hsa-let-7a-1",
    "mirna_region": "mature,MIMAT0000062",
    "name": "hsa-let-7a-1, 33 reads",
    "read_count": "33",
    "reads_per_million_mirna_mapped": "24.688550",
    "refName": "chr9",
    "start": 94175962,
    "strand": 1,
    "uniqueId": "test-ieq-13",
  },
  Object {
    "chromosome": "chr9",
    "cross-mapped": "N",
    "end": 94175982,
    "mirna_id": "hsa-let-7a-1",
    "mirna_region": "mature,MIMAT0000062",
    "name": "hsa-let-7a-1, 110 reads",
    "read_count": "110",
    "reads_per_million_mirna_mapped": "82.295167",
    "refName": "chr9",
    "start": 94175962,
    "strand": 1,
    "uniqueId": "test-ieq-14",
  },
  Object {
    "chromosome": "chr9",
    "cross-mapped": "N",
    "end": 94175983,
    "mirna_id": "hsa-let-7a-1",
    "mirna_region": "mature,MIMAT0000062",
    "name": "hsa-let-7a-1, 474 reads",
    "read_count": "474",
    "reads_per_million_mirna_mapped": "354.617357",
    "refName": "chr9",
    "start": 94175962,
    "strand": 1,
    "uniqueId": "test-ieq-15",
  },
  Object {
    "chromosome": "chr9",
    "cross-mapped": "N",
    "end": 94175984,
    "mirna_id": "hsa-let-7a-1",
    "mirna_region": "mature,MIMAT0000062",
    "name": "hsa-let-7a-1, 25 reads",
    "read_count": "25",
    "reads_per_million_mirna_mapped": "18.703447",
    "refName": "chr9",
    "start": 94175962,
    "strand": 1,
    "uniqueId": "test-ieq-16",
  },
  Object {
    "chromosome": "chr9",
    "cross-mapped": "N",
    "end": 94175985,
    "mirna_id": "hsa-let-7a-1",
    "mirna_region": "mature,MIMAT0000062",
    "name": "hsa-let-7a-1, 3 reads",
    "read_count": "3",
    "reads_per_million_mirna_mapped": "2.244414",
    "refName": "chr9",
    "start": 94175962,
    "strand": 1,
    "uniqueId": "test-ieq-17",
  },
  Object {
    "chromosome": "chr9",
    "cross-mapped": "N",
    "end": 94175981,
    "mirna_id": "hsa-let-7a-1",
    "mirna_region": "mature,MIMAT0000062",
    "name": "hsa-let-7a-1, 2 reads",
    "read_count": "2",
    "reads_per_million_mirna_mapped": "1.496276",
    "refName": "chr9",
    "start": 94175963,
    "strand": 1,
    "uniqueId": "test-ieq-18",
  },
  Object {
    "chromosome": "chr9",
    "cross-mapped": "N",
    "end": 94175982,
    "mirna_id": "hsa-let-7a-1",
    "mirna_region": "mature,MIMAT0000062",
    "name": "hsa-let-7a-1, 8 reads",
    "read_count": "8",
    "reads_per_million_mirna_mapped": "5.985103",
    "refName": "chr9",
    "start": 94175963,
    "strand": 1,
    "uniqueId": "test-ieq-19",
  },
  Object {
    "chromosome": "chr9",
    "cross-mapped": "N",
    "end": 94175983,
    "mirna_id": "hsa-let-7a-1",
    "mirna_region": "mature,MIMAT0000062",
    "name": "hsa-let-7a-1, 38 reads",
    "read_count": "38",
    "reads_per_million_mirna_mapped": "28.429240",
    "refName": "chr9",
    "start": 94175963,
    "strand": 1,
    "uniqueId": "test-ieq-20",
  },
  Object {
    "chromosome": "chr9",
    "cross-mapped": "N",
    "end": 94175984,
    "mirna_id": "hsa-let-7a-1",
    "mirna_region": "mature,MIMAT0000062",
    "name": "hsa-let-7a-1, 3 reads",
    "read_count": "3",
    "reads_per_million_mirna_mapped": "2.244414",
    "refName": "chr9",
    "start": 94175963,
    "strand": 1,
    "uniqueId": "test-ieq-21",
  },
  Object {
    "chromosome": "chr9",
    "cross-mapped": "N",
    "end": 94175985,
    "mirna_id": "hsa-let-7a-1",
    "mirna_region": "mature,MIMAT0000062",
    "name": "hsa-let-7a-1, 1 reads",
    "read_count": "1",
    "reads_per_million_mirna_mapped": "0.748138",
    "refName": "chr9",
    "start": 94175963,
    "strand": 1,
    "uniqueId": "test-ieq-22",
  },
  Object {
    "chromosome": "chr9",
    "cross-mapped": "N",
    "end": 94175981,
    "mirna_id": "hsa-let-7a-1",
    "mirna_region": "mature,MIMAT0000062",
    "name": "hsa-let-7a-1, 1 reads",
    "read_count": "1",
    "reads_per_million_mirna_mapped": "0.748138",
    "refName": "chr9",
    "start": 94175964,
    "strand": 1,
    "uniqueId": "test-ieq-23",
  },
  Object {
    "chromosome": "chr9",
    "cross-mapped": "N",
    "end": 94175982,
    "mirna_id": "hsa-let-7a-1",
    "mirna_region": "mature,MIMAT0000062",
    "name": "hsa-let-7a-1, 1 reads",
    "read_count": "1",
    "reads_per_million_mirna_mapped": "0.748138",
    "refName": "chr9",
    "start": 94175964,
    "strand": 1,
    "uniqueId": "test-ieq-24",
  },
  Object {
    "chromosome": "chr9",
    "cross-mapped": "N",
    "end": 94175983,
    "mirna_id": "hsa-let-7a-1",
    "mirna_region": "mature,MIMAT0000062",
    "name": "hsa-let-7a-1, 2 reads",
    "read_count": "2",
    "reads_per_million_mirna_mapped": "1.496276",
    "refName": "chr9",
    "start": 94175964,
    "strand": 1,
    "uniqueId": "test-ieq-25",
  },
  Object {
    "chromosome": "chr9",
    "cross-mapped": "N",
    "end": 94175984,
    "mirna_id": "hsa-let-7a-1",
    "mirna_region": "mature,MIMAT0000062",
    "name": "hsa-let-7a-1, 3 reads",
    "read_count": "3",
    "reads_per_million_mirna_mapped": "2.244414",
    "refName": "chr9",
    "start": 94175964,
    "strand": 1,
    "uniqueId": "test-ieq-26",
  },
  Object {
    "chromosome": "chr9",
    "cross-mapped": "N",
    "end": 94175983,
    "mirna_id": "hsa-let-7a-1",
    "mirna_region": "mature,MIMAT0000062",
    "name": "hsa-let-7a-1, 2 reads",
    "read_count": "2",
    "reads_per_million_mirna_mapped": "1.496276",
    "refName": "chr9",
    "start": 94175965,
    "strand": 1,
    "uniqueId": "test-ieq-27",
  },
  Object {
    "chromosome": "chr9",
    "cross-mapped": "N",
    "end": 94175983,
    "mirna_id": "hsa-let-7a-1",
    "mirna_region": "mature,MIMAT0000062",
    "name": "hsa-let-7a-1, 1 reads",
    "read_count": "1",
    "reads_per_million_mirna_mapped": "0.748138",
    "refName": "chr9",
    "start": 94175966,
    "strand": 1,
    "uniqueId": "test-ieq-28",
  },
]
`;
