// Jest Snapshot v1, https://goo.gl/fbAQLP

exports[`adapter can fetch features from maf_test_data.maf 1`] = `
[
  "chr1",
  "chr2",
  "chr3",
  "chr4",
  "chr5",
  "chr6",
  "chr7",
  "chr8",
  "chr9",
  "chr10",
  "chr11",
  "chr12",
  "chr13",
  "chr14",
  "chr15",
  "chr16",
  "chr17",
  "chr18",
  "chr19",
  "chr20",
  "chr21",
  "chr22",
  "chrX",
]
`;

exports[`adapter can fetch features from maf_test_data.maf 2`] = `
[
  {
    "afr_maf": "0.1808",
    "all_effects": "MXD1,3_prime_UTR_variant,,ENST00000264444,NM_002357.3&NM_001202513.1,c.*3579_*3580delTA,MODIFIER,YES,,,1;MXD1,3_prime_UTR_variant,,ENST00000540449,NM_001202514.1,c.*3579_*3580delTA,MODIFIER,,,,1;MXD1,downstream_gene_variant,,ENST00000435990,,,MODIFIER,,,,1;MXD1,intron_variant,,ENST00000465446,,n.189-778_189-777delTA,MODIFIER,,,,1;MXD1,downstream_gene_variant,,ENST00000409442,,,MODIFIER,,,,1",
    "allele": "-",
    "amr_maf": "0.2709",
    "biotype": "protein_coding",
    "callers": "pindel;varscan2",
    "canonical": "YES",
    "case_id": "0ca48821-c238-4e18-a7aa-a650c3fb5e20",
    "ccds": "CCDS1896.1",
    "cdna_position": "4499-4500/5587",
    "cds_position": "-/666",
    "center": "TGen",
    "chromosome": "chr2",
    "consequence": "3_prime_UTR_variant",
    "context": "AGTATCTATATAT",
    "dbsnp_rs": "rs5831989",
    "dbsnp_val_status": "by1000G;byCluster;byFrequency",
    "eas_maf": "0.1141",
    "end": 69941858,
    "end_position": "69941858",
    "ensp": "ENSP00000264444",
    "entrez_gene_id": "4084",
    "eur_maf": "0.0089",
    "existing_variation": "rs5831989",
    "exon": "6/6",
    "exon_number": "6/6",
    "feature": "ENST00000264444",
    "feature_type": "Transcript",
    "gene": "ENSG00000059728",
    "gmaf": "0.1166",
    "hgnc_id": "HGNC:6761",
    "hgvs_offset": "6",
    "hgvsc": "c.*3579_*3580delTA",
    "hotspot": "N",
    "hugo_symbol": "MXD1",
    "impact": "MODIFIER",
    "matched_norm_sample_barcode": "MMRF_2214_1_PB_Whole_C3_KHS5U_L08690",
    "matched_norm_sample_uuid": "ee2e8e8d-ba25-4c4c-9d0b-87383c2e5e00",
    "mutation_status": "Somatic",
    "n_depth": "34",
    "name": "chr2:g.69941857TA>-",
    "ncbi_build": "GRCh38",
    "normal_bam_uuid": "c6902ad2-5f04-49b5-bfbe-35f0f1cb00fd",
    "note": "c.*3579_*3580delTA",
    "one_consequence": "3_prime_UTR_variant",
    "pick": "1",
    "protein_position": "-/221",
    "refName": "chr2",
    "reference_allele": "TA",
    "refseq": "NM_002357.3;NM_001202513.1",
    "sas_maf": "0.0337",
    "start": 69941856,
    "start_position": "69941857",
    "strand": "+",
    "swissprot": "Q05195",
    "symbol": "MXD1",
    "symbol_source": "HGNC",
    "t_alt_count": "4",
    "t_depth": "28",
    "t_ref_count": "24",
    "transcript_id": "ENST00000264444",
    "tsl": "1",
    "tumor_bam_uuid": "90d37dff-736a-4cc5-b347-c3560391e123",
    "tumor_sample_barcode": "MMRF_2214_1_BM_CD138pos_T1_KHS5U_L08691",
    "tumor_sample_uuid": "420d2978-45d2-4aad-b72c-db68d37a380c",
    "tumor_seq_allele1": "TA",
    "tumor_seq_allele2": "-",
    "uniparc": "UPI0000035C7D",
    "uniqueId": "test-maf-10",
    "variant_class": "deletion",
    "variant_classification": "3'UTR",
    "variant_type": "DEL",
  },
  {
    "all_effects": "USP39,synonymous_variant,p.T560T,ENST00000323701,NM_006590.3,c.1680C>G,LOW,YES,,,1;USP39,synonymous_variant,p.T482T,ENST00000613444,NM_001256727.1,c.1446C>G,LOW,,,,1;USP39,synonymous_variant,p.T457T,ENST00000450066,NM_001256728.1,c.1371C>G,LOW,,,,1;USP39,synonymous_variant,p.T560T,ENST00000409470,NM_001256725.1,c.1680C>G,LOW,,,,1;USP39,synonymous_variant,p.T531T,ENST00000409025,,c.1593C>G,LOW,,,,1;USP39,3_prime_UTR_variant,,ENST00000409766,NM_001256726.1,c.*77C>G,MODIFIER,,,,1;USP39,non_coding_transcript_exon_variant,,ENST00000459775,,n.1658C>G,MODIFIER,,,,1;USP39,non_coding_transcript_exon_variant,,ENST00000490193,,n.611C>G,MODIFIER,,,,1;USP39,non_coding_transcript_exon_variant,,ENST00000465514,,n.339C>G,MODIFIER,,,,1;USP39,downstream_gene_variant,,ENST00000496047,,,MODIFIER,,,,1;USP39,downstream_gene_variant,,ENST00000493829,,,MODIFIER,,,,1",
    "allele": "G",
    "amino_acids": "T",
    "biotype": "protein_coding",
    "callers": "muse;mutect2;somaticsniper;varscan2",
    "canonical": "YES",
    "case_id": "0ca48821-c238-4e18-a7aa-a650c3fb5e20",
    "ccds": "CCDS33234.1",
    "cdna_position": "1690/2177",
    "cds_position": "1680/1698",
    "center": "TGen",
    "chromosome": "chr2",
    "codons": "acC/acG",
    "consequence": "synonymous_variant",
    "context": "GAAACCAACCA",
    "dbsnp_rs": "novel",
    "end": 85648790,
    "end_position": "85648790",
    "ensp": "ENSP00000312981",
    "entrez_gene_id": "10713",
    "exon": "13/13",
    "exon_number": "13/13",
    "feature": "ENST00000323701",
    "feature_type": "Transcript",
    "gene": "ENSG00000168883",
    "hgnc_id": "HGNC:20071",
    "hgvsc": "c.1680C>G",
    "hgvsp": "p.=",
    "hgvsp_short": "p.T560T",
    "hotspot": "N",
    "hugo_symbol": "USP39",
    "impact": "LOW",
    "matched_norm_sample_barcode": "MMRF_2214_1_PB_Whole_C3_KHS5U_L08690",
    "matched_norm_sample_uuid": "ee2e8e8d-ba25-4c4c-9d0b-87383c2e5e00",
    "mutation_status": "Somatic",
    "n_depth": "99",
    "name": "chr2:g.85648790C>G",
    "ncbi_build": "GRCh38",
    "normal_bam_uuid": "c6902ad2-5f04-49b5-bfbe-35f0f1cb00fd",
    "note": "c.1680C>G",
    "one_consequence": "synonymous_variant",
    "pick": "1",
    "protein_position": "560/565",
    "refName": "chr2",
    "reference_allele": "C",
    "refseq": "NM_006590.3",
    "start": 85648789,
    "start_position": "85648790",
    "strand": "+",
    "swissprot": "Q53GS9",
    "symbol": "USP39",
    "symbol_source": "HGNC",
    "t_alt_count": "17",
    "t_depth": "48",
    "t_ref_count": "31",
    "transcript_id": "ENST00000323701",
    "tsl": "1",
    "tumor_bam_uuid": "90d37dff-736a-4cc5-b347-c3560391e123",
    "tumor_sample_barcode": "MMRF_2214_1_BM_CD138pos_T1_KHS5U_L08691",
    "tumor_sample_uuid": "420d2978-45d2-4aad-b72c-db68d37a380c",
    "tumor_seq_allele1": "C",
    "tumor_seq_allele2": "G",
    "uniparc": "UPI000003771A",
    "uniqueId": "test-maf-11",
    "variant_class": "SNV",
    "variant_classification": "Silent",
    "variant_type": "SNP",
  },
  {
    "all_effects": "IGKV4-1,missense_variant,p.Y51D,ENST00000390243,,c.151T>G,MODERATE,YES,tolerated(0.17),benign(0.003),1;IGKC,intron_variant,,ENST00000610638,,c.45-24385A>C,MODIFIER,,,,-1;IGKC,intron_variant,,ENST00000614252,,c.374-28258A>C,MODIFIER,,,,-1;IGKC,intron_variant,,ENST00000430694,,c.345-24683A>C,MODIFIER,,,,-1;IGKC,intron_variant,,ENST00000614656,,c.352-25019A>C,MODIFIER,YES,,,-1;IGKV1-8,intron_variant,,ENST00000377423,,c.348-24021A>C,MODIFIER,YES,,,-1;IGKV3-11,intron_variant,,ENST00000611170,,c.342-24018A>C,MODIFIER,YES,,,-1",
    "allele": "G",
    "amino_acids": "Y/D",
    "biotype": "IG_V_gene",
    "callers": "muse;somaticsniper;varscan2",
    "canonical": "YES",
    "case_id": "0ca48821-c238-4e18-a7aa-a650c3fb5e20",
    "cdna_position": "326/538",
    "cds_position": "151/363",
    "center": "TGen",
    "chromosome": "chr2",
    "codons": "Tac/Gac",
    "consequence": "missense_variant",
    "context": "TTTTATACAGC",
    "dbsnp_rs": "rs141709704",
    "dbsnp_val_status": "by1000G;byFrequency",
    "domains": "Pfam_domain:PF07686;PROSITE_profiles:PS50835;SMART_domains:SM00409;SMART_domains:SM00406;Superfamily_domains:SSF48726",
    "end": 88885941,
    "end_position": "88885941",
    "ensp": "ENSP00000374778",
    "entrez_gene_id": "28908",
    "exac_af": "8.295e-05",
    "exac_af_adj": "8.414e-05",
    "exac_af_afr": "0.000105",
    "exac_af_amr": "8.817e-05",
    "exac_af_eas": "0.0001181",
    "exac_af_fin": "0.0",
    "exac_af_nfe": "0.0001067",
    "exac_af_oth": "0.0",
    "exac_af_sas": "0.0",
    "existing_variation": "rs141709704",
    "exon": "2/2",
    "exon_number": "2/2",
    "feature": "ENST00000390243",
    "feature_type": "Transcript",
    "gene": "ENSG00000211598",
    "hgnc_id": "HGNC:5834",
    "hgvsc": "c.151T>G",
    "hgvsp": "p.Tyr51Asp",
    "hgvsp_short": "p.Y51D",
    "hotspot": "N",
    "hugo_symbol": "IGKV4-1",
    "impact": "MODERATE",
    "matched_norm_sample_barcode": "MMRF_2214_1_PB_Whole_C3_KHS5U_L08690",
    "matched_norm_sample_uuid": "ee2e8e8d-ba25-4c4c-9d0b-87383c2e5e00",
    "mutation_status": "Somatic",
    "n_depth": "150",
    "name": "chr2:g.88885941T>G",
    "ncbi_build": "GRCh38",
    "nontcga_exac_af": "9.490187146490529e-05",
    "nontcga_exac_af_adj": "9.644503597399841e-05",
    "nontcga_exac_af_afr": "0.0001221001221001221",
    "nontcga_exac_af_amr": "9.107468123861566e-05",
    "nontcga_exac_af_eas": "0.00013007284079084288",
    "nontcga_exac_af_fin": "0.0",
    "nontcga_exac_af_nfe": "0.0001314949092685126",
    "nontcga_exac_af_oth": "0.0",
    "nontcga_exac_af_sas": "0.0",
    "normal_bam_uuid": "c6902ad2-5f04-49b5-bfbe-35f0f1cb00fd",
    "note": "c.151T>G",
    "one_consequence": "missense_variant",
    "pick": "1",
    "polyphen": "benign(0.003)",
    "protein_position": "51/121",
    "refName": "chr2",
    "reference_allele": "T",
    "sift": "tolerated(0.17)",
    "start": 88885940,
    "start_position": "88885941",
    "strand": "+",
    "swissprot": "P06312",
    "symbol": "IGKV4-1",
    "symbol_source": "HGNC",
    "t_alt_count": "44",
    "t_depth": "44",
    "t_ref_count": "0",
    "transcript_id": "ENST00000390243",
    "tumor_bam_uuid": "90d37dff-736a-4cc5-b347-c3560391e123",
    "tumor_sample_barcode": "MMRF_2214_1_BM_CD138pos_T1_KHS5U_L08691",
    "tumor_sample_uuid": "420d2978-45d2-4aad-b72c-db68d37a380c",
    "tumor_seq_allele1": "T",
    "tumor_seq_allele2": "G",
    "uniparc": "UPI0000113B70",
    "uniqueId": "test-maf-12",
    "variant_class": "SNV",
    "variant_classification": "Missense_Mutation",
    "variant_type": "SNP",
  },
  {
    "aa_maf": "0.0",
    "all_effects": "IGKV4-1,synonymous_variant,p.K71K,ENST00000390243,,c.213G>A,LOW,YES,,,1;IGKC,intron_variant,,ENST00000610638,,c.45-24447C>T,MODIFIER,,,,-1;IGKC,intron_variant,,ENST00000614252,,c.374-28320C>T,MODIFIER,,,,-1;IGKC,intron_variant,,ENST00000430694,,c.345-24745C>T,MODIFIER,,,,-1;IGKC,intron_variant,,ENST00000614656,,c.352-25081C>T,MODIFIER,YES,,,-1;IGKV1-8,intron_variant,,ENST00000377423,,c.348-24083C>T,MODIFIER,YES,,,-1;IGKV3-11,intron_variant,,ENST00000611170,,c.342-24080C>T,MODIFIER,YES,,,-1",
    "allele": "A",
    "amino_acids": "K",
    "biotype": "IG_V_gene",
    "callers": "muse;somaticsniper;varscan2",
    "canonical": "YES",
    "case_id": "0ca48821-c238-4e18-a7aa-a650c3fb5e20",
    "cdna_position": "388/538",
    "cds_position": "213/363",
    "center": "TGen",
    "chromosome": "chr2",
    "codons": "aaG/aaA",
    "consequence": "synonymous_variant",
    "context": "CCTAAGCTGCT",
    "cosmic": "COSN23050136",
    "dbsnp_rs": "rs182045278",
    "dbsnp_val_status": "by1000G;byCluster;byFrequency",
    "domains": "Pfam_domain:PF07686;PROSITE_profiles:PS50835;SMART_domains:SM00409;SMART_domains:SM00406;Superfamily_domains:SSF48726",
    "ea_maf": "0.0004",
    "end": 88886003,
    "end_position": "88886003",
    "ensp": "ENSP00000374778",
    "entrez_gene_id": "28908",
    "exac_af": "0.0004233",
    "exac_af_adj": "0.0003539",
    "exac_af_afr": "0.0008466",
    "exac_af_amr": "0.0002653",
    "exac_af_eas": "0.0004742",
    "exac_af_fin": "0.0",
    "exac_af_nfe": "0.0003811",
    "exac_af_oth": "0.0",
    "exac_af_sas": "0.0001217",
    "existing_variation": "rs182045278",
    "exon": "2/2",
    "exon_number": "2/2",
    "feature": "ENST00000390243",
    "feature_type": "Transcript",
    "gene": "ENSG00000211598",
    "hgnc_id": "HGNC:5834",
    "hgvsc": "c.213G>A",
    "hgvsp": "p.=",
    "hgvsp_short": "p.K71K",
    "hotspot": "N",
    "hugo_symbol": "IGKV4-1",
    "impact": "LOW",
    "matched_norm_sample_barcode": "MMRF_2214_1_PB_Whole_C3_KHS5U_L08690",
    "matched_norm_sample_uuid": "ee2e8e8d-ba25-4c4c-9d0b-87383c2e5e00",
    "mutation_status": "Somatic",
    "n_depth": "154",
    "name": "chr2:g.88886003G>A",
    "ncbi_build": "GRCh38",
    "nontcga_exac_af": "0.0004843764839965809",
    "nontcga_exac_af_adj": "0.00040569518768232137",
    "nontcga_exac_af_afr": "0.0009854644000985464",
    "nontcga_exac_af_amr": "0.00027412280701754384",
    "nontcga_exac_af_eas": "0.0005224660397074191",
    "nontcga_exac_af_fin": "0.0",
    "nontcga_exac_af_nfe": "0.00046974821495678314",
    "nontcga_exac_af_oth": "0.0",
    "nontcga_exac_af_sas": "0.00012250398137939484",
    "normal_bam_uuid": "c6902ad2-5f04-49b5-bfbe-35f0f1cb00fd",
    "note": "c.213G>A",
    "one_consequence": "synonymous_variant",
    "pick": "1",
    "protein_position": "71/121",
    "refName": "chr2",
    "reference_allele": "G",
    "start": 88886002,
    "start_position": "88886003",
    "strand": "+",
    "swissprot": "P06312",
    "symbol": "IGKV4-1",
    "symbol_source": "HGNC",
    "t_alt_count": "52",
    "t_depth": "52",
    "t_ref_count": "0",
    "transcript_id": "ENST00000390243",
    "tumor_bam_uuid": "90d37dff-736a-4cc5-b347-c3560391e123",
    "tumor_sample_barcode": "MMRF_2214_1_BM_CD138pos_T1_KHS5U_L08691",
    "tumor_sample_uuid": "420d2978-45d2-4aad-b72c-db68d37a380c",
    "tumor_seq_allele1": "G",
    "tumor_seq_allele2": "A",
    "uniparc": "UPI0000113B70",
    "uniqueId": "test-maf-13",
    "variant_class": "SNV",
    "variant_classification": "Silent",
    "variant_type": "SNP",
  },
  {
    "all_effects": "IGKV4-1,missense_variant,p.L73I,ENST00000390243,,c.217C>A,MODERATE,YES,deleterious(0.02),possibly_damaging(0.582),1;IGKC,intron_variant,,ENST00000610638,,c.45-24451G>T,MODIFIER,,,,-1;IGKC,intron_variant,,ENST00000614252,,c.374-28324G>T,MODIFIER,,,,-1;IGKC,intron_variant,,ENST00000430694,,c.345-24749G>T,MODIFIER,,,,-1;IGKC,intron_variant,,ENST00000614656,,c.352-25085G>T,MODIFIER,YES,,,-1;IGKV1-8,intron_variant,,ENST00000377423,,c.348-24087G>T,MODIFIER,YES,,,-1;IGKV3-11,intron_variant,,ENST00000611170,,c.342-24084G>T,MODIFIER,YES,,,-1",
    "allele": "A",
    "amino_acids": "L/I",
    "biotype": "IG_V_gene",
    "callers": "muse;somaticsniper;varscan2",
    "canonical": "YES",
    "case_id": "0ca48821-c238-4e18-a7aa-a650c3fb5e20",
    "cdna_position": "392/538",
    "cds_position": "217/363",
    "center": "TGen",
    "chromosome": "chr2",
    "codons": "Ctc/Atc",
    "consequence": "missense_variant",
    "context": "AGCTGCTCATT",
    "dbsnp_rs": "rs760776890",
    "dbsnp_val_status": "byFrequency",
    "domains": "Pfam_domain:PF07686;PROSITE_profiles:PS50835;SMART_domains:SM00409;SMART_domains:SM00406;Superfamily_domains:SSF48726",
    "end": 88886007,
    "end_position": "88886007",
    "ensp": "ENSP00000374778",
    "entrez_gene_id": "28908",
    "exac_af": "2.49e-05",
    "exac_af_adj": "2.525e-05",
    "exac_af_afr": "0.0003165",
    "exac_af_amr": "0.0",
    "exac_af_eas": "0.0",
    "exac_af_fin": "0.0",
    "exac_af_nfe": "0.0",
    "exac_af_oth": "0.0",
    "exac_af_sas": "0.0",
    "existing_variation": "rs760776890",
    "exon": "2/2",
    "exon_number": "2/2",
    "feature": "ENST00000390243",
    "feature_type": "Transcript",
    "gene": "ENSG00000211598",
    "hgnc_id": "HGNC:5834",
    "hgvsc": "c.217C>A",
    "hgvsp": "p.Leu73Ile",
    "hgvsp_short": "p.L73I",
    "hotspot": "N",
    "hugo_symbol": "IGKV4-1",
    "impact": "MODERATE",
    "matched_norm_sample_barcode": "MMRF_2214_1_PB_Whole_C3_KHS5U_L08690",
    "matched_norm_sample_uuid": "ee2e8e8d-ba25-4c4c-9d0b-87383c2e5e00",
    "mutation_status": "Somatic",
    "n_depth": "150",
    "name": "chr2:g.88886007C>A",
    "ncbi_build": "GRCh38",
    "nontcga_exac_af": "2.8494358117092816e-05",
    "nontcga_exac_af_adj": "2.8938534552610255e-05",
    "nontcga_exac_af_afr": "0.0003682789098944267",
    "nontcga_exac_af_amr": "0.0",
    "nontcga_exac_af_eas": "0.0",
    "nontcga_exac_af_fin": "0.0",
    "nontcga_exac_af_nfe": "0.0",
    "nontcga_exac_af_oth": "0.0",
    "nontcga_exac_af_sas": "0.0",
    "normal_bam_uuid": "c6902ad2-5f04-49b5-bfbe-35f0f1cb00fd",
    "note": "c.217C>A",
    "one_consequence": "missense_variant",
    "pick": "1",
    "polyphen": "possibly_damaging(0.582)",
    "protein_position": "73/121",
    "refName": "chr2",
    "reference_allele": "C",
    "sift": "deleterious(0.02)",
    "start": 88886006,
    "start_position": "88886007",
    "strand": "+",
    "swissprot": "P06312",
    "symbol": "IGKV4-1",
    "symbol_source": "HGNC",
    "t_alt_count": "48",
    "t_depth": "48",
    "t_ref_count": "0",
    "transcript_id": "ENST00000390243",
    "tumor_bam_uuid": "90d37dff-736a-4cc5-b347-c3560391e123",
    "tumor_sample_barcode": "MMRF_2214_1_BM_CD138pos_T1_KHS5U_L08691",
    "tumor_sample_uuid": "420d2978-45d2-4aad-b72c-db68d37a380c",
    "tumor_seq_allele1": "C",
    "tumor_seq_allele2": "A",
    "uniparc": "UPI0000113B70",
    "uniqueId": "test-maf-14",
    "variant_class": "SNV",
    "variant_classification": "Missense_Mutation",
    "variant_type": "SNP",
  },
  {
    "all_effects": "TFCP2L1,synonymous_variant,p.P426P,ENST00000263707,NM_014553.2,c.1278C>A,LOW,YES,,,-1;TFCP2L1,non_coding_transcript_exon_variant,,ENST00000464621,,n.264C>A,MODIFIER,,,,-1",
    "allele": "T",
    "amino_acids": "P",
    "biotype": "protein_coding",
    "callers": "muse;mutect2;somaticsniper;varscan2",
    "canonical": "YES",
    "case_id": "0ca48821-c238-4e18-a7aa-a650c3fb5e20",
    "ccds": "CCDS2134.1",
    "cdna_position": "1376/9292",
    "cds_position": "1278/1440",
    "center": "TGen",
    "chromosome": "chr2",
    "codons": "ccC/ccA",
    "consequence": "synonymous_variant",
    "context": "TGCTGGGGGGA",
    "dbsnp_rs": "rs756414475",
    "dbsnp_val_status": "byFrequency",
    "end": 121231889,
    "end_position": "121231889",
    "ensp": "ENSP00000263707",
    "entrez_gene_id": "29842",
    "exac_af": "8.236e-06",
    "exac_af_adj": "8.273e-06",
    "exac_af_afr": "0.0",
    "exac_af_amr": "0.0",
    "exac_af_eas": "0.0",
    "exac_af_fin": "0.0001513",
    "exac_af_nfe": "0.0",
    "exac_af_oth": "0.0",
    "exac_af_sas": "0.0",
    "existing_variation": "rs756414475",
    "exon": "13/15",
    "exon_number": "13/15",
    "feature": "ENST00000263707",
    "feature_type": "Transcript",
    "gene": "ENSG00000115112",
    "hgnc_id": "HGNC:17925",
    "hgvsc": "c.1278C>A",
    "hgvsp": "p.=",
    "hgvsp_short": "p.P426P",
    "hotspot": "N",
    "hugo_symbol": "TFCP2L1",
    "impact": "LOW",
    "matched_norm_sample_barcode": "MMRF_2214_1_PB_Whole_C3_KHS5U_L08690",
    "matched_norm_sample_uuid": "ee2e8e8d-ba25-4c4c-9d0b-87383c2e5e00",
    "mutation_status": "Somatic",
    "n_depth": "130",
    "name": "chr2:g.121231889G>T",
    "ncbi_build": "GRCh38",
    "nontcga_exac_af": "9.415309292910272e-06",
    "nontcga_exac_af_adj": "9.462349312087206e-06",
    "nontcga_exac_af_afr": "0.0",
    "nontcga_exac_af_amr": "0.0",
    "nontcga_exac_af_eas": "0.0",
    "nontcga_exac_af_fin": "0.000151285930408472",
    "nontcga_exac_af_nfe": "0.0",
    "nontcga_exac_af_oth": "0.0",
    "nontcga_exac_af_sas": "0.0",
    "normal_bam_uuid": "c6902ad2-5f04-49b5-bfbe-35f0f1cb00fd",
    "note": "c.1278C>A",
    "one_consequence": "synonymous_variant",
    "pick": "1",
    "protein_position": "426/479",
    "refName": "chr2",
    "reference_allele": "G",
    "refseq": "NM_014553.2",
    "start": 121231888,
    "start_position": "121231889",
    "strand": "+",
    "swissprot": "Q9NZI6",
    "symbol": "TFCP2L1",
    "symbol_source": "HGNC",
    "t_alt_count": "47",
    "t_depth": "99",
    "t_ref_count": "52",
    "transcript_id": "ENST00000263707",
    "tsl": "1",
    "tumor_bam_uuid": "90d37dff-736a-4cc5-b347-c3560391e123",
    "tumor_sample_barcode": "MMRF_2214_1_BM_CD138pos_T1_KHS5U_L08691",
    "tumor_sample_uuid": "420d2978-45d2-4aad-b72c-db68d37a380c",
    "tumor_seq_allele1": "G",
    "tumor_seq_allele2": "T",
    "uniparc": "UPI0000072817",
    "uniqueId": "test-maf-15",
    "variant_class": "SNV",
    "variant_classification": "Silent",
    "variant_type": "SNP",
  },
  {
    "all_effects": "TISP43,3_prime_UTR_variant,,ENST00000623376,,c.*903A>T,MODIFIER,,,,1;TISP43,intron_variant,,ENST00000440359,,c.376-729A>T,MODIFIER,,,,1;TISP43,intron_variant,,ENST00000409793,,c.200-726A>T,MODIFIER,,,,1;TISP43,downstream_gene_variant,,ENST00000409982,,,MODIFIER,YES,,,1;AC140481.4,downstream_gene_variant,,ENST00000457169,,,MODIFIER,YES,,,-1;TISP43,intron_variant,,ENST00000419965,,n.318-729A>T,MODIFIER,,,,1;TISP43,intron_variant,,ENST00000414595,,n.133-726A>T,MODIFIER,,,,1",
    "allele": "T",
    "biotype": "protein_coding",
    "callers": "muse;mutect2;varscan2",
    "canonical": "YES",
    "case_id": "0ca48821-c238-4e18-a7aa-a650c3fb5e20",
    "cdna_position": "-/1039",
    "cds_position": "-/483",
    "center": "TGen",
    "chromosome": "chr2",
    "consequence": "downstream_gene_variant",
    "context": "CCCCCATCCCT",
    "dbsnp_rs": "novel",
    "distance": "4191",
    "end": 130581532,
    "end_position": "130581532",
    "ensp": "ENSP00000387081",
    "entrez_gene_id": "150527",
    "feature": "ENST00000409982",
    "feature_type": "Transcript",
    "gene": "ENSG00000183292",
    "hotspot": "N",
    "hugo_symbol": "TISP43",
    "impact": "MODIFIER",
    "matched_norm_sample_barcode": "MMRF_2214_1_PB_Whole_C3_KHS5U_L08690",
    "matched_norm_sample_uuid": "ee2e8e8d-ba25-4c4c-9d0b-87383c2e5e00",
    "mutation_status": "Somatic",
    "n_depth": "61",
    "name": "chr2:g.130581532A>T",
    "ncbi_build": "GRCh38",
    "normal_bam_uuid": "c6902ad2-5f04-49b5-bfbe-35f0f1cb00fd",
    "note": undefined,
    "one_consequence": "downstream_gene_variant",
    "pick": "1",
    "protein_position": "-/160",
    "refName": "chr2",
    "reference_allele": "A",
    "start": 130581531,
    "start_position": "130581532",
    "strand": "+",
    "symbol": "TISP43",
    "symbol_source": "EntrezGene",
    "t_alt_count": "10",
    "t_depth": "41",
    "t_ref_count": "30",
    "transcript_id": "ENST00000409982",
    "trembl": "B9A030",
    "tsl": "1",
    "tumor_bam_uuid": "90d37dff-736a-4cc5-b347-c3560391e123",
    "tumor_sample_barcode": "MMRF_2214_1_BM_CD138pos_T1_KHS5U_L08691",
    "tumor_sample_uuid": "420d2978-45d2-4aad-b72c-db68d37a380c",
    "tumor_seq_allele1": "A",
    "tumor_seq_allele2": "T",
    "uniparc": "UPI000188179A",
    "uniqueId": "test-maf-16",
    "variant_class": "SNV",
    "variant_classification": "3'Flank",
    "variant_type": "SNP",
  },
  {
    "all_effects": "RBMS1,5_prime_UTR_variant,,ENST00000348849,NM_002897.4&NM_016836.3,c.-394T>C,MODIFIER,YES,,,-1;RBMS1,upstream_gene_variant,,ENST00000474820,,,MODIFIER,,,,-1;RBMS1,upstream_gene_variant,,ENST00000491781,,,MODIFIER,,,,-1;RBMS1,upstream_gene_variant,,ENST00000477486,,,MODIFIER,,,,-1",
    "allele": "G",
    "biotype": "protein_coding",
    "callers": "muse;mutect2;somaticsniper;varscan2",
    "canonical": "YES",
    "case_id": "0ca48821-c238-4e18-a7aa-a650c3fb5e20",
    "ccds": "CCDS2213.1",
    "cdna_position": "38/4273",
    "cds_position": "-/1221",
    "center": "TGen",
    "chromosome": "chr2",
    "consequence": "5_prime_UTR_variant",
    "context": "TCAATACAAGT",
    "dbsnp_rs": "novel",
    "end": 160493757,
    "end_position": "160493757",
    "ensp": "ENSP00000294904",
    "entrez_gene_id": "5937",
    "exon": "1/14",
    "exon_number": "1/14",
    "feature": "ENST00000348849",
    "feature_type": "Transcript",
    "gene": "ENSG00000153250",
    "hgnc_id": "HGNC:9907",
    "hgvsc": "c.-394T>C",
    "hotspot": "N",
    "hugo_symbol": "RBMS1",
    "impact": "MODIFIER",
    "matched_norm_sample_barcode": "MMRF_2214_1_PB_Whole_C3_KHS5U_L08690",
    "matched_norm_sample_uuid": "ee2e8e8d-ba25-4c4c-9d0b-87383c2e5e00",
    "mutation_status": "Somatic",
    "n_depth": "86",
    "name": "chr2:g.160493757A>G",
    "ncbi_build": "GRCh38",
    "normal_bam_uuid": "c6902ad2-5f04-49b5-bfbe-35f0f1cb00fd",
    "note": "c.-394T>C",
    "one_consequence": "5_prime_UTR_variant",
    "pick": "1",
    "protein_position": "-/406",
    "refName": "chr2",
    "reference_allele": "A",
    "refseq": "NM_002897.4;NM_016836.3",
    "start": 160493756,
    "start_position": "160493757",
    "strand": "+",
    "swissprot": "P29558",
    "symbol": "RBMS1",
    "symbol_source": "HGNC",
    "t_alt_count": "26",
    "t_depth": "52",
    "t_ref_count": "26",
    "transcript_id": "ENST00000348849",
    "tsl": "1",
    "tumor_bam_uuid": "90d37dff-736a-4cc5-b347-c3560391e123",
    "tumor_sample_barcode": "MMRF_2214_1_BM_CD138pos_T1_KHS5U_L08691",
    "tumor_sample_uuid": "420d2978-45d2-4aad-b72c-db68d37a380c",
    "tumor_seq_allele1": "A",
    "tumor_seq_allele2": "G",
    "uniparc": "UPI00000713D4",
    "uniqueId": "test-maf-17",
    "variant_class": "SNV",
    "variant_classification": "5'UTR",
    "variant_type": "SNP",
  },
  {
    "all_effects": "GIGYF2,missense_variant,p.R809Q,ENST00000629305,,c.2426G>A,MODERATE,,,unknown(0),1;GIGYF2,missense_variant,p.R787Q,ENST00000409547,NM_015575.3,c.2360G>A,MODERATE,,,unknown(0),1;GIGYF2,missense_variant,p.R809Q,ENST00000409480,,c.2426G>A,MODERATE,,,unknown(0),1;GIGYF2,missense_variant,p.R808Q,ENST00000409451,NM_001103147.1,c.2423G>A,MODERATE,YES,,unknown(0),1;GIGYF2,missense_variant,p.R787Q,ENST00000373563,NM_001103146.1,c.2360G>A,MODERATE,,,unknown(0),1;GIGYF2,missense_variant,p.R781Q,ENST00000409196,NM_001103148.1,c.2342G>A,MODERATE,,,unknown(0),1;GIGYF2,missense_variant,p.R781Q,ENST00000440945,,c.2342G>A,MODERATE,,deleterious(0.05),unknown(0),1;GIGYF2,downstream_gene_variant,,ENST00000423659,,,MODIFIER,,,,1;GIGYF2,non_coding_transcript_exon_variant,,ENST00000474312,,n.1395G>A,MODIFIER,,,,1;GIGYF2,downstream_gene_variant,,ENST00000482952,,,MODIFIER,,,,1",
    "allele": "A",
    "amino_acids": "R/Q",
    "biotype": "protein_coding",
    "callers": "muse;mutect2;somaticsniper;varscan2",
    "case_id": "0ca48821-c238-4e18-a7aa-a650c3fb5e20",
    "ccds": "CCDS33401.1",
    "cdna_position": "2555/5847",
    "cds_position": "2360/3900",
    "center": "TGen",
    "chromosome": "chr2",
    "codons": "cGa/cAa",
    "consequence": "missense_variant",
    "context": "TGCCCGAAGGA",
    "cosmic": "COSM266585",
    "domains": "Low_complexity_(Seg):Seg;Coiled-coils_(Ncoils):ncoils;PROSITE_profiles:PS50323;PROSITE_profiles:PS50322;PROSITE_profiles:PS50313",
    "end": 232817022,
    "end_position": "232817022",
    "ensp": "ENSP00000362664",
    "entrez_gene_id": "26058",
    "exon": "20/29",
    "exon_number": "20/29",
    "feature": "ENST00000373563",
    "feature_type": "Transcript",
    "gene": "ENSG00000204120",
    "hgnc_id": "HGNC:11960",
    "hgvsc": "c.2360G>A",
    "hgvsp": "p.Arg787Gln",
    "hgvsp_short": "p.R787Q",
    "hotspot": "N",
    "hugo_symbol": "GIGYF2",
    "impact": "MODERATE",
    "matched_norm_sample_barcode": "MMRF_2214_1_PB_Whole_C3_KHS5U_L08690",
    "matched_norm_sample_uuid": "ee2e8e8d-ba25-4c4c-9d0b-87383c2e5e00",
    "mutation_status": "Somatic",
    "n_depth": "223",
    "name": "chr2:g.232817022G>A",
    "ncbi_build": "GRCh38",
    "normal_bam_uuid": "c6902ad2-5f04-49b5-bfbe-35f0f1cb00fd",
    "note": "c.2360G>A",
    "one_consequence": "missense_variant",
    "polyphen": "unknown(0)",
    "protein_position": "787/1299",
    "refName": "chr2",
    "reference_allele": "G",
    "refseq": "NM_001103146.1",
    "start": 232817021,
    "start_position": "232817022",
    "strand": "+",
    "swissprot": "Q6Y7W6",
    "symbol": "GIGYF2",
    "symbol_source": "HGNC",
    "t_alt_count": "64",
    "t_depth": "125",
    "t_ref_count": "61",
    "transcript_id": "ENST00000373563",
    "tsl": "1",
    "tumor_bam_uuid": "90d37dff-736a-4cc5-b347-c3560391e123",
    "tumor_sample_barcode": "MMRF_2214_1_BM_CD138pos_T1_KHS5U_L08691",
    "tumor_sample_uuid": "420d2978-45d2-4aad-b72c-db68d37a380c",
    "tumor_seq_allele1": "G",
    "tumor_seq_allele2": "A",
    "uniparc": "UPI00001BD8AE",
    "uniqueId": "test-maf-18",
    "variant_class": "SNV",
    "variant_classification": "Missense_Mutation",
    "variant_type": "SNP",
  },
]
`;
