// Jest Snapshot v1, https://goo.gl/fbAQLP

exports[`adapter can fetch features from segments.txt 1`] = `
[
  "1",
  "2",
  "3",
  "4",
  "5",
  "6",
  "7",
  "8",
  "9",
  "10",
  "11",
  "12",
  "13",
  "14",
  "15",
  "16",
  "17",
  "18",
  "19",
  "20",
  "21",
  "22",
  "X",
  "Y",
]
`;

exports[`adapter can fetch features from segments.txt 2`] = `
[
  {
    "chromosome": "3",
    "end": 137168,
    "id": "0e867d2c-937c-4705-afec-c5aef316c2ba",
    "num_probes": "105",
    "refName": "3",
    "score": 0.0633,
    "segment_mean": "0.0633",
    "start": 20930,
    "uniqueId": "0e867d2c-937c-4705-afec-c5aef316c2ba",
  },
  {
    "chromosome": "3",
    "end": 1247886,
    "id": "0e867d2c-937c-4705-afec-c5aef316c2ba",
    "num_probes": "916",
    "refName": "3",
    "score": -0.0747,
    "segment_mean": "-0.0747",
    "start": 137844,
    "uniqueId": "0e867d2c-937c-4705-afec-c5aef316c2ba",
  },
]
`;
